> Philip Hazel
> Philip Hazel
> 
> 
> id=nothing name="" 
> 0
> id=quote name="\"Q\" Oted" home=/home/quoted mail=quoted@xxx 
> id=filter name=filter home=filter mail="#Exim filter
deliver postmaster" 
> id=quote2 name="\"qnosp" home=/home/q2 mail="" 
> id=nlonly name=filter home=filter mail="Before
After" 
> Failed: lookup of "servers=x:localhost; select name from them where id='CALLER';" gave DEFER: MySQL server "x" not found in mysql_servers
> Philip Hazel
> Philip Hazel
> Philip Hazel
> 

**** SMTP testing session as if from host 10.0.0.0
**** but without any ident (RFC 1413) callback.
**** This is not for real!

220 myhost.test.ex ESMTP Exim x.yz Tue, 2 Mar 1999 09:44:33 +0000
250 OK
550 relay not permitted
221 myhost.test.ex closing connection
